#-----------------------------------------------------------
# Vivado v2014.4 (64-bit)
# SW Build 1071353 on Tue Nov 18 18:29:27 MST 2014
# IP Build 1070531 on Tue Nov 18 01:10:18 MST 2014
# Start of session at: Tue Apr 28 18:16:32 2015
# Process ID: 5716
# Log file: C:/PhD/Vivado_projects/parallella-hw/fpga/projects/HARMONIA_analog_monitoring/my_ips/vivado.log
# Journal file: C:/PhD/Vivado_projects/parallella-hw/fpga/projects/HARMONIA_analog_monitoring/my_ips\vivado.jou
#-----------------------------------------------------------
start_gui
open_project C:/PhD/Vivado_projects/parallella-hw/fpga/projects/HARMONIA_analog_monitoring/my_ips/stabilization_prop_mon_generic.xpr
add_files -norecurse {{C:/HARMONIA repo/code/SPI example/my_IP_core/my_IP_core.srcs/sources_1/new/shift_reg_buffer.v}}
update_compile_order -fileset sources_1
ipx::package_project -root_dir C:/PhD/Vivado_projects/parallella-hw/fpga/projects/HARMONIA_analog_monitoring/my_ips/stabilization_prop_mon -import_files -set_current false -force
ipx::unload_core c:/PhD/Vivado_projects/parallella-hw/fpga/projects/HARMONIA_analog_monitoring/my_ips/stabilization_prop_mon/component.xml
ipx::edit_ip_in_project -upgrade true -name tmp_edit_project -directory C:/PhD/Vivado_projects/parallella-hw/fpga/projects/HARMONIA_analog_monitoring/my_ips/stabilization_prop_mon c:/PhD/Vivado_projects/parallella-hw/fpga/projects/HARMONIA_analog_monitoring/my_ips/stabilization_prop_mon/component.xml
update_compile_order -fileset sim_1
current_project stabilization_prop_mon_generic
current_project tmp_edit_project
close_project
